Exception in thread "http-nio-8080-exec-2" java.lang.NoClassDefFoundError: ch/qos/logback/classic/spi/ThrowableProxy
	at ch.qos.logback.classic.spi.LoggingEvent.<init>(LoggingEvent.java:145)
	at ch.qos.logback.classic.Logger.buildLoggingEventAndAppend(Logger.java:429)
	at ch.qos.logback.classic.Logger.filterAndLog_0_Or3Plus(Logger.java:388)
	at ch.qos.logback.classic.Logger.log(Logger.java:805)
	at org.slf4j.bridge.SLF4JBridgeHandler.callLocationAwareLogger(SLF4JBridgeHandler.java:232)
	at org.slf4j.bridge.SLF4JBridgeHandler.publish(SLF4JBridgeHandler.java:313)
	at java.logging/java.util.logging.Logger.log(Logger.java:962)
	at java.logging/java.util.logging.Logger.doLog(Logger.java:989)
	at java.logging/java.util.logging.Logger.logp(Logger.java:1266)
	at org.apache.juli.logging.DirectJDKLog.log(DirectJDKLog.java:170)
	at org.apache.juli.logging.DirectJDKLog.error(DirectJDKLog.java:141)
	at org.apache.tomcat.util.net.NioEndpoint$SocketProcessor.doRun(NioEndpoint.java:1793)
	at org.apache.tomcat.util.net.SocketProcessorBase.run(SocketProcessorBase.java:52)
	at org.apache.tomcat.util.threads.ThreadPoolExecutor.runWorker(ThreadPoolExecutor.java:973)
	at org.apache.tomcat.util.threads.ThreadPoolExecutor$Worker.run(ThreadPoolExecutor.java:491)
	at org.apache.tomcat.util.threads.TaskThread$WrappingRunnable.run(TaskThread.java:63)
	at java.base/java.lang.Thread.run(Thread.java:1474)
Caused by: java.lang.ClassNotFoundException: ch.qos.logback.classic.spi.ThrowableProxy
	... 17 more
Exception in thread "http-nio-8080-exec-8" java.lang.NoClassDefFoundError: ch/qos/logback/classic/spi/ThrowableProxy
	at ch.qos.logback.classic.spi.LoggingEvent.<init>(LoggingEvent.java:145)
	at ch.qos.logback.classic.Logger.buildLoggingEventAndAppend(Logger.java:429)
	at ch.qos.logback.classic.Logger.filterAndLog_0_Or3Plus(Logger.java:388)
	at ch.qos.logback.classic.Logger.log(Logger.java:805)
	at org.slf4j.bridge.SLF4JBridgeHandler.callLocationAwareLogger(SLF4JBridgeHandler.java:232)
	at org.slf4j.bridge.SLF4JBridgeHandler.publish(SLF4JBridgeHandler.java:313)
	at java.logging/java.util.logging.Logger.log(Logger.java:962)
	at java.logging/java.util.logging.Logger.doLog(Logger.java:989)
	at java.logging/java.util.logging.Logger.logp(Logger.java:1266)
	at org.apache.juli.logging.DirectJDKLog.log(DirectJDKLog.java:170)
	at org.apache.juli.logging.DirectJDKLog.error(DirectJDKLog.java:141)
	at org.apache.tomcat.util.net.NioEndpoint$SocketProcessor.doRun(NioEndpoint.java:1793)
	at org.apache.tomcat.util.net.SocketProcessorBase.run(SocketProcessorBase.java:52)
	at org.apache.tomcat.util.threads.ThreadPoolExecutor.runWorker(ThreadPoolExecutor.java:973)
	at org.apache.tomcat.util.threads.ThreadPoolExecutor$Worker.run(ThreadPoolExecutor.java:491)
	at org.apache.tomcat.util.threads.TaskThread$WrappingRunnable.run(TaskThread.java:63)
	at java.base/java.lang.Thread.run(Thread.java:1474)
Caused by: java.lang.ClassNotFoundException: ch.qos.logback.classic.spi.ThrowableProxy
	... 17 more
Exception in thread "http-nio-8080-exec-5" java.lang.NoClassDefFoundError: ch/qos/logback/classic/spi/ThrowableProxy
	at ch.qos.logback.classic.spi.LoggingEvent.<init>(LoggingEvent.java:145)
	at ch.qos.logback.classic.Logger.buildLoggingEventAndAppend(Logger.java:429)
	at ch.qos.logback.classic.Logger.filterAndLog_0_Or3Plus(Logger.java:388)
	at ch.qos.logback.classic.Logger.log(Logger.java:805)
	at org.slf4j.bridge.SLF4JBridgeHandler.callLocationAwareLogger(SLF4JBridgeHandler.java:232)
	at org.slf4j.bridge.SLF4JBridgeHandler.publish(SLF4JBridgeHandler.java:313)
	at java.logging/java.util.logging.Logger.log(Logger.java:962)
	at java.logging/java.util.logging.Logger.doLog(Logger.java:989)
	at java.logging/java.util.logging.Logger.logp(Logger.java:1266)
	at org.apache.juli.logging.DirectJDKLog.log(DirectJDKLog.java:170)
	at org.apache.juli.logging.DirectJDKLog.error(DirectJDKLog.java:141)
	at org.apache.tomcat.util.net.NioEndpoint$SocketProcessor.doRun(NioEndpoint.java:1793)
	at org.apache.tomcat.util.net.SocketProcessorBase.run(SocketProcessorBase.java:52)
	at org.apache.tomcat.util.threads.ThreadPoolExecutor.runWorker(ThreadPoolExecutor.java:973)
	at org.apache.tomcat.util.threads.ThreadPoolExecutor$Worker.run(ThreadPoolExecutor.java:491)
	at org.apache.tomcat.util.threads.TaskThread$WrappingRunnable.run(TaskThread.java:63)
	at java.base/java.lang.Thread.run(Thread.java:1474)
Caused by: java.lang.ClassNotFoundException: ch.qos.logback.classic.spi.ThrowableProxy
	... 17 more
Exception in thread "http-nio-8080-exec-9" java.lang.NoClassDefFoundError: ch/qos/logback/classic/spi/ThrowableProxy
	at ch.qos.logback.classic.spi.LoggingEvent.<init>(LoggingEvent.java:145)
	at ch.qos.logback.classic.Logger.buildLoggingEventAndAppend(Logger.java:429)
	at ch.qos.logback.classic.Logger.filterAndLog_0_Or3Plus(Logger.java:388)
	at ch.qos.logback.classic.Logger.log(Logger.java:805)
	at org.slf4j.bridge.SLF4JBridgeHandler.callLocationAwareLogger(SLF4JBridgeHandler.java:232)
	at org.slf4j.bridge.SLF4JBridgeHandler.publish(SLF4JBridgeHandler.java:313)
	at java.logging/java.util.logging.Logger.log(Logger.java:962)
	at java.logging/java.util.logging.Logger.doLog(Logger.java:989)
	at java.logging/java.util.logging.Logger.logp(Logger.java:1266)
	at org.apache.juli.logging.DirectJDKLog.log(DirectJDKLog.java:170)
	at org.apache.juli.logging.DirectJDKLog.error(DirectJDKLog.java:141)
	at org.apache.tomcat.util.net.NioEndpoint$SocketProcessor.doRun(NioEndpoint.java:1793)
	at org.apache.tomcat.util.net.SocketProcessorBase.run(SocketProcessorBase.java:52)
	at org.apache.tomcat.util.threads.ThreadPoolExecutor.runWorker(ThreadPoolExecutor.java:973)
	at org.apache.tomcat.util.threads.ThreadPoolExecutor$Worker.run(ThreadPoolExecutor.java:491)
	at org.apache.tomcat.util.threads.TaskThread$WrappingRunnable.run(TaskThread.java:63)
	at java.base/java.lang.Thread.run(Thread.java:1474)
Caused by: java.lang.ClassNotFoundException: ch.qos.logback.classic.spi.ThrowableProxy
	... 17 more
Exception in thread "http-nio-8080-exec-4" java.lang.NoClassDefFoundError: ch/qos/logback/classic/spi/ThrowableProxy
	at ch.qos.logback.classic.spi.LoggingEvent.<init>(LoggingEvent.java:145)
	at ch.qos.logback.classic.Logger.buildLoggingEventAndAppend(Logger.java:429)
	at ch.qos.logback.classic.Logger.filterAndLog_0_Or3Plus(Logger.java:388)
	at ch.qos.logback.classic.Logger.log(Logger.java:805)
	at org.slf4j.bridge.SLF4JBridgeHandler.callLocationAwareLogger(SLF4JBridgeHandler.java:232)
	at org.slf4j.bridge.SLF4JBridgeHandler.publish(SLF4JBridgeHandler.java:313)
	at java.logging/java.util.logging.Logger.log(Logger.java:962)
	at java.logging/java.util.logging.Logger.doLog(Logger.java:989)
	at java.logging/java.util.logging.Logger.logp(Logger.java:1266)
	at org.apache.juli.logging.DirectJDKLog.log(DirectJDKLog.java:170)
	at org.apache.juli.logging.DirectJDKLog.error(DirectJDKLog.java:141)
	at org.apache.tomcat.util.net.NioEndpoint$SocketProcessor.doRun(NioEndpoint.java:1793)
	at org.apache.tomcat.util.net.SocketProcessorBase.run(SocketProcessorBase.java:52)
	at org.apache.tomcat.util.threads.ThreadPoolExecutor.runWorker(ThreadPoolExecutor.java:973)
	at org.apache.tomcat.util.threads.ThreadPoolExecutor$Worker.run(ThreadPoolExecutor.java:491)
	at org.apache.tomcat.util.threads.TaskThread$WrappingRunnable.run(TaskThread.java:63)
	at java.base/java.lang.Thread.run(Thread.java:1474)
Caused by: java.lang.ClassNotFoundException: ch.qos.logback.classic.spi.ThrowableProxy
	... 17 more
Exception in thread "http-nio-8080-exec-13" java.lang.NoClassDefFoundError: ch/qos/logback/classic/spi/ThrowableProxy
	at ch.qos.logback.classic.spi.LoggingEvent.<init>(LoggingEvent.java:145)
	at ch.qos.logback.classic.Logger.buildLoggingEventAndAppend(Logger.java:429)
	at ch.qos.logback.classic.Logger.filterAndLog_0_Or3Plus(Logger.java:388)
	at ch.qos.logback.classic.Logger.log(Logger.java:805)
	at org.slf4j.bridge.SLF4JBridgeHandler.callLocationAwareLogger(SLF4JBridgeHandler.java:232)
	at org.slf4j.bridge.SLF4JBridgeHandler.publish(SLF4JBridgeHandler.java:313)
	at java.logging/java.util.logging.Logger.log(Logger.java:962)
	at java.logging/java.util.logging.Logger.doLog(Logger.java:989)
	at java.logging/java.util.logging.Logger.logp(Logger.java:1266)
	at org.apache.juli.logging.DirectJDKLog.log(DirectJDKLog.java:170)
	at org.apache.juli.logging.DirectJDKLog.error(DirectJDKLog.java:141)
	at org.apache.tomcat.util.net.NioEndpoint$SocketProcessor.doRun(NioEndpoint.java:1793)
	at org.apache.tomcat.util.net.SocketProcessorBase.run(SocketProcessorBase.java:52)
	at org.apache.tomcat.util.threads.ThreadPoolExecutor.runWorker(ThreadPoolExecutor.java:973)
	at org.apache.tomcat.util.threads.ThreadPoolExecutor$Worker.run(ThreadPoolExecutor.java:491)
	at org.apache.tomcat.util.threads.TaskThread$WrappingRunnable.run(TaskThread.java:63)
	at java.base/java.lang.Thread.run(Thread.java:1474)
Caused by: java.lang.ClassNotFoundException: ch.qos.logback.classic.spi.ThrowableProxy
	... 17 more
Exception in thread "http-nio-8080-exec-14" java.lang.NoClassDefFoundError: ch/qos/logback/classic/spi/ThrowableProxy
	at ch.qos.logback.classic.spi.LoggingEvent.<init>(LoggingEvent.java:145)
	at ch.qos.logback.classic.Logger.buildLoggingEventAndAppend(Logger.java:429)
	at ch.qos.logback.classic.Logger.filterAndLog_0_Or3Plus(Logger.java:388)
	at ch.qos.logback.classic.Logger.log(Logger.java:805)
	at org.slf4j.bridge.SLF4JBridgeHandler.callLocationAwareLogger(SLF4JBridgeHandler.java:232)
	at org.slf4j.bridge.SLF4JBridgeHandler.publish(SLF4JBridgeHandler.java:313)
	at java.logging/java.util.logging.Logger.log(Logger.java:962)
	at java.logging/java.util.logging.Logger.doLog(Logger.java:989)
	at java.logging/java.util.logging.Logger.logp(Logger.java:1266)
	at org.apache.juli.logging.DirectJDKLog.log(DirectJDKLog.java:170)
	at org.apache.juli.logging.DirectJDKLog.error(DirectJDKLog.java:141)
	at org.apache.tomcat.util.net.NioEndpoint$SocketProcessor.doRun(NioEndpoint.java:1793)
	at org.apache.tomcat.util.net.SocketProcessorBase.run(SocketProcessorBase.java:52)
	at org.apache.tomcat.util.threads.ThreadPoolExecutor.runWorker(ThreadPoolExecutor.java:973)
	at org.apache.tomcat.util.threads.ThreadPoolExecutor$Worker.run(ThreadPoolExecutor.java:491)
	at org.apache.tomcat.util.threads.TaskThread$WrappingRunnable.run(TaskThread.java:63)
	at java.base/java.lang.Thread.run(Thread.java:1474)
Caused by: java.lang.ClassNotFoundException: ch.qos.logback.classic.spi.ThrowableProxy
	... 17 more
Exception in thread "http-nio-8080-exec-3" java.lang.NoClassDefFoundError: ch/qos/logback/classic/spi/ThrowableProxy
	at ch.qos.logback.classic.spi.LoggingEvent.<init>(LoggingEvent.java:145)
	at ch.qos.logback.classic.Logger.buildLoggingEventAndAppend(Logger.java:429)
	at ch.qos.logback.classic.Logger.filterAndLog_0_Or3Plus(Logger.java:388)
	at ch.qos.logback.classic.Logger.log(Logger.java:805)
	at org.slf4j.bridge.SLF4JBridgeHandler.callLocationAwareLogger(SLF4JBridgeHandler.java:232)
	at org.slf4j.bridge.SLF4JBridgeHandler.publish(SLF4JBridgeHandler.java:313)
	at java.logging/java.util.logging.Logger.log(Logger.java:962)
	at java.logging/java.util.logging.Logger.doLog(Logger.java:989)
	at java.logging/java.util.logging.Logger.logp(Logger.java:1266)
	at org.apache.juli.logging.DirectJDKLog.log(DirectJDKLog.java:170)
	at org.apache.juli.logging.DirectJDKLog.error(DirectJDKLog.java:141)
	at org.apache.tomcat.util.net.NioEndpoint$SocketProcessor.doRun(NioEndpoint.java:1793)
	at org.apache.tomcat.util.net.SocketProcessorBase.run(SocketProcessorBase.java:52)
	at org.apache.tomcat.util.threads.ThreadPoolExecutor.runWorker(ThreadPoolExecutor.java:973)
	at org.apache.tomcat.util.threads.ThreadPoolExecutor$Worker.run(ThreadPoolExecutor.java:491)
	at org.apache.tomcat.util.threads.TaskThread$WrappingRunnable.run(TaskThread.java:63)
	at java.base/java.lang.Thread.run(Thread.java:1474)
Caused by: java.lang.ClassNotFoundException: ch.qos.logback.classic.spi.ThrowableProxy
	... 17 more
Exception in thread "http-nio-8080-exec-7" java.lang.NoClassDefFoundError: ch/qos/logback/classic/spi/ThrowableProxy
	at ch.qos.logback.classic.spi.LoggingEvent.<init>(LoggingEvent.java:145)
	at ch.qos.logback.classic.Logger.buildLoggingEventAndAppend(Logger.java:429)
	at ch.qos.logback.classic.Logger.filterAndLog_0_Or3Plus(Logger.java:388)
	at ch.qos.logback.classic.Logger.log(Logger.java:805)
	at org.slf4j.bridge.SLF4JBridgeHandler.callLocationAwareLogger(SLF4JBridgeHandler.java:232)
	at org.slf4j.bridge.SLF4JBridgeHandler.publish(SLF4JBridgeHandler.java:313)
	at java.logging/java.util.logging.Logger.log(Logger.java:962)
	at java.logging/java.util.logging.Logger.doLog(Logger.java:989)
	at java.logging/java.util.logging.Logger.logp(Logger.java:1266)
	at org.apache.juli.logging.DirectJDKLog.log(DirectJDKLog.java:170)
	at org.apache.juli.logging.DirectJDKLog.error(DirectJDKLog.java:141)
	at org.apache.tomcat.util.net.NioEndpoint$SocketProcessor.doRun(NioEndpoint.java:1793)
	at org.apache.tomcat.util.net.SocketProcessorBase.run(SocketProcessorBase.java:52)
	at org.apache.tomcat.util.threads.ThreadPoolExecutor.runWorker(ThreadPoolExecutor.java:973)
	at org.apache.tomcat.util.threads.ThreadPoolExecutor$Worker.run(ThreadPoolExecutor.java:491)
	at org.apache.tomcat.util.threads.TaskThread$WrappingRunnable.run(TaskThread.java:63)
	at java.base/java.lang.Thread.run(Thread.java:1474)
Caused by: java.lang.ClassNotFoundException: ch.qos.logback.classic.spi.ThrowableProxy
	... 17 more
Exception in thread "http-nio-8080-exec-16" java.lang.NoClassDefFoundError: ch/qos/logback/classic/spi/ThrowableProxy
	at ch.qos.logback.classic.spi.LoggingEvent.<init>(LoggingEvent.java:145)
	at ch.qos.logback.classic.Logger.buildLoggingEventAndAppend(Logger.java:429)
	at ch.qos.logback.classic.Logger.filterAndLog_0_Or3Plus(Logger.java:388)
	at ch.qos.logback.classic.Logger.log(Logger.java:805)
	at org.slf4j.bridge.SLF4JBridgeHandler.callLocationAwareLogger(SLF4JBridgeHandler.java:232)
	at org.slf4j.bridge.SLF4JBridgeHandler.publish(SLF4JBridgeHandler.java:313)
	at java.logging/java.util.logging.Logger.log(Logger.java:962)
	at java.logging/java.util.logging.Logger.doLog(Logger.java:989)
	at java.logging/java.util.logging.Logger.logp(Logger.java:1266)
	at org.apache.juli.logging.DirectJDKLog.log(DirectJDKLog.java:170)
	at org.apache.juli.logging.DirectJDKLog.error(DirectJDKLog.java:141)
	at org.apache.tomcat.util.net.NioEndpoint$SocketProcessor.doRun(NioEndpoint.java:1793)
	at org.apache.tomcat.util.net.SocketProcessorBase.run(SocketProcessorBase.java:52)
	at org.apache.tomcat.util.threads.ThreadPoolExecutor.runWorker(ThreadPoolExecutor.java:973)
	at org.apache.tomcat.util.threads.ThreadPoolExecutor$Worker.run(ThreadPoolExecutor.java:491)
	at org.apache.tomcat.util.threads.TaskThread$WrappingRunnable.run(TaskThread.java:63)
	at java.base/java.lang.Thread.run(Thread.java:1474)
Caused by: java.lang.ClassNotFoundException: ch.qos.logback.classic.spi.ThrowableProxy
	... 17 more
Exception in thread "http-nio-8080-exec-12" java.lang.NoClassDefFoundError: ch/qos/logback/classic/spi/ThrowableProxy
	at ch.qos.logback.classic.spi.LoggingEvent.<init>(LoggingEvent.java:145)
	at ch.qos.logback.classic.Logger.buildLoggingEventAndAppend(Logger.java:429)
	at ch.qos.logback.classic.Logger.filterAndLog_0_Or3Plus(Logger.java:388)
	at ch.qos.logback.classic.Logger.log(Logger.java:805)
	at org.slf4j.bridge.SLF4JBridgeHandler.callLocationAwareLogger(SLF4JBridgeHandler.java:232)
	at org.slf4j.bridge.SLF4JBridgeHandler.publish(SLF4JBridgeHandler.java:313)
	at java.logging/java.util.logging.Logger.log(Logger.java:962)
	at java.logging/java.util.logging.Logger.doLog(Logger.java:989)
	at java.logging/java.util.logging.Logger.logp(Logger.java:1266)
	at org.apache.juli.logging.DirectJDKLog.log(DirectJDKLog.java:170)
	at org.apache.juli.logging.DirectJDKLog.error(DirectJDKLog.java:141)
	at org.apache.tomcat.util.net.NioEndpoint$SocketProcessor.doRun(NioEndpoint.java:1793)
	at org.apache.tomcat.util.net.SocketProcessorBase.run(SocketProcessorBase.java:52)
	at org.apache.tomcat.util.threads.ThreadPoolExecutor.runWorker(ThreadPoolExecutor.java:973)
	at org.apache.tomcat.util.threads.ThreadPoolExecutor$Worker.run(ThreadPoolExecutor.java:491)
	at org.apache.tomcat.util.threads.TaskThread$WrappingRunnable.run(TaskThread.java:63)
	at java.base/java.lang.Thread.run(Thread.java:1474)
Caused by: java.lang.ClassNotFoundException: ch.qos.logback.classic.spi.ThrowableProxy
	... 17 more
Exception in thread "http-nio-8080-exec-10" java.lang.NoClassDefFoundError: ch/qos/logback/classic/spi/ThrowableProxy
	at ch.qos.logback.classic.spi.LoggingEvent.<init>(LoggingEvent.java:145)
	at ch.qos.logback.classic.Logger.buildLoggingEventAndAppend(Logger.java:429)
	at ch.qos.logback.classic.Logger.filterAndLog_0_Or3Plus(Logger.java:388)
	at ch.qos.logback.classic.Logger.log(Logger.java:805)
	at org.slf4j.bridge.SLF4JBridgeHandler.callLocationAwareLogger(SLF4JBridgeHandler.java:232)
	at org.slf4j.bridge.SLF4JBridgeHandler.publish(SLF4JBridgeHandler.java:313)
	at java.logging/java.util.logging.Logger.log(Logger.java:962)
	at java.logging/java.util.logging.Logger.doLog(Logger.java:989)
	at java.logging/java.util.logging.Logger.logp(Logger.java:1266)
	at org.apache.juli.logging.DirectJDKLog.log(DirectJDKLog.java:170)
	at org.apache.juli.logging.DirectJDKLog.error(DirectJDKLog.java:141)
	at org.apache.tomcat.util.net.NioEndpoint$SocketProcessor.doRun(NioEndpoint.java:1793)
	at org.apache.tomcat.util.net.SocketProcessorBase.run(SocketProcessorBase.java:52)
	at org.apache.tomcat.util.threads.ThreadPoolExecutor.runWorker(ThreadPoolExecutor.java:973)
	at org.apache.tomcat.util.threads.ThreadPoolExecutor$Worker.run(ThreadPoolExecutor.java:491)
	at org.apache.tomcat.util.threads.TaskThread$WrappingRunnable.run(TaskThread.java:63)
	at java.base/java.lang.Thread.run(Thread.java:1474)
Caused by: java.lang.ClassNotFoundException: ch.qos.logback.classic.spi.ThrowableProxy
	... 17 more
Exception in thread "http-nio-8080-exec-17" java.lang.NoClassDefFoundError: ch/qos/logback/classic/spi/ThrowableProxy
	at ch.qos.logback.classic.spi.LoggingEvent.<init>(LoggingEvent.java:145)
	at ch.qos.logback.classic.Logger.buildLoggingEventAndAppend(Logger.java:429)
	at ch.qos.logback.classic.Logger.filterAndLog_0_Or3Plus(Logger.java:388)
	at ch.qos.logback.classic.Logger.log(Logger.java:805)
	at org.slf4j.bridge.SLF4JBridgeHandler.callLocationAwareLogger(SLF4JBridgeHandler.java:232)
	at org.slf4j.bridge.SLF4JBridgeHandler.publish(SLF4JBridgeHandler.java:313)
	at java.logging/java.util.logging.Logger.log(Logger.java:962)
	at java.logging/java.util.logging.Logger.doLog(Logger.java:989)
	at java.logging/java.util.logging.Logger.logp(Logger.java:1266)
	at org.apache.juli.logging.DirectJDKLog.log(DirectJDKLog.java:170)
	at org.apache.juli.logging.DirectJDKLog.error(DirectJDKLog.java:141)
	at org.apache.tomcat.util.net.NioEndpoint$SocketProcessor.doRun(NioEndpoint.java:1793)
	at org.apache.tomcat.util.net.SocketProcessorBase.run(SocketProcessorBase.java:52)
	at org.apache.tomcat.util.threads.ThreadPoolExecutor.runWorker(ThreadPoolExecutor.java:973)
	at org.apache.tomcat.util.threads.ThreadPoolExecutor$Worker.run(ThreadPoolExecutor.java:491)
	at org.apache.tomcat.util.threads.TaskThread$WrappingRunnable.run(TaskThread.java:63)
	at java.base/java.lang.Thread.run(Thread.java:1474)
Caused by: java.lang.ClassNotFoundException: ch.qos.logback.classic.spi.ThrowableProxy
	... 17 more
Exception in thread "http-nio-8080-exec-1" java.lang.NoClassDefFoundError: ch/qos/logback/classic/spi/ThrowableProxy
	at ch.qos.logback.classic.spi.LoggingEvent.<init>(LoggingEvent.java:145)
	at ch.qos.logback.classic.Logger.buildLoggingEventAndAppend(Logger.java:429)
	at ch.qos.logback.classic.Logger.filterAndLog_0_Or3Plus(Logger.java:388)
	at ch.qos.logback.classic.Logger.log(Logger.java:805)
	at org.slf4j.bridge.SLF4JBridgeHandler.callLocationAwareLogger(SLF4JBridgeHandler.java:232)
	at org.slf4j.bridge.SLF4JBridgeHandler.publish(SLF4JBridgeHandler.java:313)
	at java.logging/java.util.logging.Logger.log(Logger.java:962)
	at java.logging/java.util.logging.Logger.doLog(Logger.java:989)
	at java.logging/java.util.logging.Logger.logp(Logger.java:1266)
	at org.apache.juli.logging.DirectJDKLog.log(DirectJDKLog.java:170)
	at org.apache.juli.logging.DirectJDKLog.error(DirectJDKLog.java:141)
	at org.apache.tomcat.util.net.NioEndpoint$SocketProcessor.doRun(NioEndpoint.java:1793)
	at org.apache.tomcat.util.net.SocketProcessorBase.run(SocketProcessorBase.java:52)
	at org.apache.tomcat.util.threads.ThreadPoolExecutor.runWorker(ThreadPoolExecutor.java:973)
	at org.apache.tomcat.util.threads.ThreadPoolExecutor$Worker.run(ThreadPoolExecutor.java:491)
	at org.apache.tomcat.util.threads.TaskThread$WrappingRunnable.run(TaskThread.java:63)
	at java.base/java.lang.Thread.run(Thread.java:1474)
Caused by: java.lang.ClassNotFoundException: ch.qos.logback.classic.spi.ThrowableProxy
	... 17 more
